Last login: Tue Aug 22 23:00:10 on ttys000
Ks-MacBook-Air:~ ksreenivasareddy$ cd Desktop/c++/
Ks-MacBook-Air:c++ ksreenivasareddy$ git init
Initialized empty Git repository in /Users/ksreenivasareddy/Desktop/c++/.git/
Ks-MacBook-Air:c++ ksreenivasareddy$ git add .
Ks-MacBook-Air:c++ ksreenivasareddy$ git https://github.com/AmulyaReddy99/EventIT.git
git: 'https://github.com/AmulyaReddy99/EventIT.git' is not a git command. See 'git --help'.
Ks-MacBook-Air:c++ ksreenivasareddy$ git remote add origin https://github.com/AmulyaReddy99/Data-Structures.git
Ks-MacBook-Air:c++ ksreenivasareddy$ git commit -m "tic_toc_toe and magic_square"
[master (root-commit) f42f5fe] tic_toc_toe and magic_square
 Committer: K Sreenivasa Reddy <ksreenivasareddy@Ks-MacBook-Air.local>
Your name and email address were configured automatically based
on your username and hostname. Please check that they are accurate.
You can suppress this message by setting them explicitly. Run the
following command and follow the instructions in your editor to edit
your configuration file:

    git config --global --edit

After doing this, you may fix the identity used for this commit with:

    git commit --amend --reset-author

 2 files changed, 100 insertions(+)
 create mode 100644 XO.cpp
 create mode 100644 magic_square.cpp
Ks-MacBook-Air:c++ ksreenivasareddy$ git push origin master
To https://github.com/AmulyaReddy99/Data-Structures.git
 ! [rejected]        master -> master (fetch first)
error: failed to push some refs to 'https://github.com/AmulyaReddy99/Data-Structures.git'
hint: Updates were rejected because the remote contains work that you do
hint: not have locally. This is usually caused by another repository pushing
hint: to the same ref. You may want to first integrate the remote changes
hint: (e.g., 'git pull ...') before pushing again.
hint: See the 'Note about fast-forwards' in 'git push --help' for details.
Ks-MacBook-Air:c++ ksreenivasareddy$ git pull origin master
warning: no common commits
remote: Counting objects: 3, done.
remote: Total 3 (delta 0), reused 0 (delta 0), pack-reused 0
Unpacking objects: 100% (3/3), done.
From https://github.com/AmulyaReddy99/Data-Structures
 * branch            master     -> FETCH_HEAD
 * [new branch]      master     -> origin/master
fatal: refusing to merge unrelated histories
Ks-MacBook-Air:c++ ksreenivasareddy$ git pull origin master
From https://github.com/AmulyaReddy99/Data-Structures
 * branch            master     -> FETCH_HEAD
fatal: refusing to merge unrelated histories
Ks-MacBook-Air:c++ ksreenivasareddy$ git pull origin master
From https://github.com/AmulyaReddy99/Data-Structures
 * branch            master     -> FETCH_HEAD
fatal: refusing to merge unrelated histories
Ks-MacBook-Air:c++ ksreenivasareddy$ git pull origin master
remote: Counting objects: 5, done.
remote: Compressing objects: 100% (4/4), done.
remote: Total 5 (delta 0), reused 0 (delta 0), pack-reused 0
Unpacking objects: 100% (5/5), done.
From https://github.com/AmulyaReddy99/Data-Structures
 * branch            master     -> FETCH_HEAD
   21261d7..b6aeb91  master     -> origin/master
fatal: refusing to merge unrelated histories
Ks-MacBook-Air:c++ ksreenivasareddy$ git push origin master
To https://github.com/AmulyaReddy99/Data-Structures.git
 ! [rejected]        master -> master (non-fast-forward)
error: failed to push some refs to 'https://github.com/AmulyaReddy99/Data-Structures.git'
hint: Updates were rejected because the tip of your current branch is behind
hint: its remote counterpart. Integrate the remote changes (e.g.
hint: 'git pull ...') before pushing again.
hint: See the 'Note about fast-forwards' in 'git push --help' for details.
Ks-MacBook-Air:c++ ksreenivasareddy$ git push -u origin master
To https://github.com/AmulyaReddy99/Data-Structures.git
 ! [rejected]        master -> master (non-fast-forward)
error: failed to push some refs to 'https://github.com/AmulyaReddy99/Data-Structures.git'
hint: Updates were rejected because the tip of your current branch is behind
hint: its remote counterpart. Integrate the remote changes (e.g.
hint: 'git pull ...') before pushing again.
hint: See the 'Note about fast-forwards' in 'git push --help' for details.
Ks-MacBook-Air:c++ ksreenivasareddy$ git merge -a -m 'changes made'
error: unknown switch `a'
usage: git merge [<options>] [<commit>...]
   or: git merge [<options>] <msg> HEAD <commit>
   or: git merge --abort

    -n                    do not show a diffstat at the end of the merge
    --stat                show a diffstat at the end of the merge
    --summary             (synonym to --stat)
    --log[=<n>]           add (at most <n>) entries from shortlog to merge commit message
    --squash              create a single commit instead of doing a merge
    --commit              perform a commit if the merge succeeds (default)
    -e, --edit            edit message before committing
    --ff                  allow fast-forward (default)
    --ff-only             abort if fast-forward is not possible
    --rerere-autoupdate   update the index with reused conflict resolution if possible
    --verify-signatures   verify that the named commit has a valid GPG signature
    -s, --strategy <strategy>
                          merge strategy to use
    -X, --strategy-option <option=value>
                          option for selected merge strategy
    -m, --message <message>
                          merge commit message (for a non-fast-forward merge)
    -v, --verbose         be more verbose
    -q, --quiet           be more quiet
    --abort               abort the current in-progress merge
    --allow-unrelated-histories
                          allow merging unrelated histories
    --progress            force progress reporting
    -S, --gpg-sign[=<key-id>]
                          GPG sign commit
    --overwrite-ignore    update ignored files (default)

Ks-MacBook-Air:c++ ksreenivasareddy$ git merge -m 'changes made'
fatal: No remote for the current branch.
Ks-MacBook-Air:c++ ksreenivasareddy$ git remote
origin
Ks-MacBook-Air:c++ ksreenivasareddy$ git merge --abort
fatal: There is no merge to abort (MERGE_HEAD missing).
Ks-MacBook-Air:c++ ksreenivasareddy$ git push -u origin master
To https://github.com/AmulyaReddy99/Data-Structures.git
 ! [rejected]        master -> master (non-fast-forward)
error: failed to push some refs to 'https://github.com/AmulyaReddy99/Data-Structures.git'
hint: Updates were rejected because the tip of your current branch is behind
hint: its remote counterpart. Integrate the remote changes (e.g.
hint: 'git pull ...') before pushing again.
hint: See the 'Note about fast-forwards' in 'git push --help' for details.
Ks-MacBook-Air:c++ ksreenivasareddy$ pbcopy < ~/.ssh/id_rsa.pub
Ks-MacBook-Air:c++ ksreenivasareddy$ git pull origin master
From https://github.com/AmulyaReddy99/Data-Structures
 * branch            master     -> FETCH_HEAD
fatal: refusing to merge unrelated histories
Ks-MacBook-Air:c++ ksreenivasareddy$ git pull -m origin master
error: unknown switch `m'
usage: git pull [<options>] [<repository> [<refspec>...]]

    -v, --verbose         be more verbose
    -q, --quiet           be more quiet
    --progress            force progress reporting

Options related to merging
    -r, --rebase[=<false|true|preserve|interactive>]
                          incorporate changes by rebasing rather than merging
    -n                    do not show a diffstat at the end of the merge
    --stat                show a diffstat at the end of the merge
    --log[=<n>]           add (at most <n>) entries from shortlog to merge commit message
    --squash              create a single commit instead of doing a merge
    --commit              perform a commit if the merge succeeds (default)
    --edit                edit message before committing
    --ff                  allow fast-forward
    --ff-only             abort if fast-forward is not possible
    --verify-signatures   verify that the named commit has a valid GPG signature
    --autostash           automatically stash/stash pop before and after rebase
    -s, --strategy <strategy>
                          merge strategy to use
    -X, --strategy-option <option=value>
                          option for selected merge strategy
    -S, --gpg-sign[=<key-id>]
                          GPG sign commit
    --allow-unrelated-histories
                          allow merging unrelated histories

Options related to fetching
    --all                 fetch from all remotes
    -a, --append          append to .git/FETCH_HEAD instead of overwriting
    --upload-pack <path>  path to upload pack on remote end
    -f, --force           force overwrite of local branch
    -t, --tags            fetch all tags and associated objects
    -p, --prune           prune remote-tracking branches no longer on remote
    --recurse-submodules[=<on-demand>]
                          control recursive fetching of submodules
    -j, --jobs[=<n>]      number of submodules pulled in parallel
    --dry-run             dry run
    -k, --keep            keep downloaded pack
    --depth <depth>       deepen history of shallow clone
    --unshallow           convert to a complete repository
    --update-shallow      accept refs that update .git/shallow
    --refmap <refmap>     specify fetch refmap

Ks-MacBook-Air:c++ ksreenivasareddy$ --allow-unrelated-histories
-bash: --allow-unrelated-histories: command not found
Ks-MacBook-Air:c++ ksreenivasareddy$ git pull --allow-unrelated-histories origin master
From https://github.com/AmulyaReddy99/Data-Structures
 * branch            master     -> FETCH_HEAD
Auto-merging magic_square.cpp
CONFLICT (add/add): Merge conflict in magic_square.cpp
Auto-merging XO.cpp
CONFLICT (add/add): Merge conflict in XO.cpp
Automatic merge failed; fix conflicts and then commit the result.
Ks-MacBook-Air:c++ ksreenivasareddy$ git pull --allow-unrelated-histories origin master
error: Pulling is not possible because you have unmerged files.
hint: Fix them up in the work tree, and then use 'git add/rm <file>'
hint: as appropriate to mark resolution and make a commit.
fatal: Exiting because of an unresolved conflict.
Ks-MacBook-Air:c++ ksreenivasareddy$ git add .
Ks-MacBook-Air:c++ ksreenivasareddy$ git pull --allow-unrelated-histories origin master
error: You have not concluded your merge (MERGE_HEAD exists).
hint: Please, commit your changes before merging.
fatal: Exiting because of unfinished merge.
Ks-MacBook-Air:c++ ksreenivasareddy$ git commit -m "first commit"
[master 51f3ead] first commit
 Committer: K Sreenivasa Reddy <ksreenivasareddy@Ks-MacBook-Air.local>
Your name and email address were configured automatically based
on your username and hostname. Please check that they are accurate.
You can suppress this message by setting them explicitly. Run the
following command and follow the instructions in your editor to edit
your configuration file:

    git config --global --edit

After doing this, you may fix the identity used for this commit with:

    git commit --amend --reset-author

Ks-MacBook-Air:c++ ksreenivasareddy$ git pull --allow-unrelated-histories origin master
remote: Counting objects: 4, done.
remote: Compressing objects: 100% (3/3), done.
remote: Total 4 (delta 0), reused 0 (delta 0), pack-reused 0
Unpacking objects: 100% (4/4), done.
From https://github.com/AmulyaReddy99/Data-Structures
 * branch            master     -> FETCH_HEAD
   b6aeb91..edafdef  master     -> origin/master
CONFLICT (modify/delete): magic_square.cpp deleted in edafdefe0a027c1c6f23fdd4160183346bd913e5 and modified in HEAD. Version HEAD of magic_square.cpp left in tree.
CONFLICT (modify/delete): XO.cpp deleted in edafdefe0a027c1c6f23fdd4160183346bd913e5 and modified in HEAD. Version HEAD of XO.cpp left in tree.
Automatic merge failed; fix conflicts and then commit the result.
Ks-MacBook-Air:c++ ksreenivasareddy$ git commit -am "first commit"
[master 9b0ed6c] first commit
 Committer: K Sreenivasa Reddy <ksreenivasareddy@Ks-MacBook-Air.local>
Your name and email address were configured automatically based
on your username and hostname. Please check that they are accurate.
You can suppress this message by setting them explicitly. Run the
following command and follow the instructions in your editor to edit
your configuration file:

    git config --global --edit

After doing this, you may fix the identity used for this commit with:

    git commit --amend --reset-author

Ks-MacBook-Air:c++ ksreenivasareddy$ git pull --allow-unrelated-histories origin master
From https://github.com/AmulyaReddy99/Data-Structures
 * branch            master     -> FETCH_HEAD
Already up-to-date.
Ks-MacBook-Air:c++ ksreenivasareddy$ git push -u origin master
Counting objects: 9, done.
Delta compression using up to 4 threads.
Compressing objects: 100% (9/9), done.
Writing objects: 100% (9/9), 1.57 KiB | 0 bytes/s, done.
Total 9 (delta 3), reused 0 (delta 0)
remote: Resolving deltas: 100% (3/3), done.
To https://github.com/AmulyaReddy99/Data-Structures.git
   edafdef..9b0ed6c  master -> master
Branch master set up to track remote branch master from origin.
Ks-MacBook-Air:c++ ksreenivasareddy$ 
